// Vitest Snapshot v1, https://vitest.dev/guide/snapshot.html

exports[`nation gold per minute > world map, impossible nations, 20 minutes 1`] = `
{
  "aliveNations": 44,
  "perMinute": [
    {
      "cities": 0,
      "factories": 0,
      "minute": 1,
      "ports": 0,
      "shipsArrived": 0,
      "tradeGold": 0,
      "tradeShipsAtSea": 0,
      "trainGold": 0,
      "trainStops": 0,
      "trainsRunning": 0,
    },
    {
      "cities": 4,
      "factories": 0,
      "minute": 2,
      "ports": 0,
      "shipsArrived": 0,
      "tradeGold": 0,
      "tradeShipsAtSea": 0,
      "trainGold": 0,
      "trainStops": 0,
      "trainsRunning": 0,
    },
    {
      "cities": 59,
      "factories": 0,
      "minute": 3,
      "ports": 0,
      "shipsArrived": 0,
      "tradeGold": 0,
      "tradeShipsAtSea": 0,
      "trainGold": 0,
      "trainStops": 0,
      "trainsRunning": 0,
    },
    {
      "cities": 59,
      "factories": 0,
      "minute": 4,
      "ports": 2,
      "shipsArrived": 0,
      "tradeGold": 0,
      "tradeShipsAtSea": 1,
      "trainGold": 0,
      "trainStops": 0,
      "trainsRunning": 0,
    },
    {
      "cities": 61,
      "factories": 0,
      "minute": 5,
      "ports": 11,
      "shipsArrived": 3,
      "tradeGold": 112900,
      "tradeShipsAtSea": 40,
      "trainGold": 0,
      "trainStops": 0,
      "trainsRunning": 0,
    },
    {
      "cities": 64,
      "factories": 0,
      "minute": 6,
      "ports": 14,
      "shipsArrived": 21,
      "tradeGold": 3116000,
      "tradeShipsAtSea": 81,
      "trainGold": 0,
      "trainStops": 0,
      "trainsRunning": 0,
    },
    {
      "cities": 75,
      "factories": 0,
      "minute": 7,
      "ports": 23,
      "shipsArrived": 49,
      "tradeGold": 10980000,
      "tradeShipsAtSea": 130,
      "trainGold": 0,
      "trainStops": 0,
      "trainsRunning": 0,
    },
    {
      "cities": 78,
      "factories": 1,
      "minute": 8,
      "ports": 27,
      "shipsArrived": 67,
      "tradeGold": 14700000,
      "tradeShipsAtSea": 174,
      "trainGold": 10000,
      "trainStops": 1,
      "trainsRunning": 14,
    },
    {
      "cities": 86,
      "factories": 6,
      "minute": 9,
      "ports": 34,
      "shipsArrived": 88,
      "tradeGold": 20130000,
      "tradeShipsAtSea": 218,
      "trainGold": 730000,
      "trainStops": 23,
      "trainsRunning": 28,
    },
    {
      "cities": 93,
      "factories": 7,
      "minute": 10,
      "ports": 40,
      "shipsArrived": 99,
      "tradeGold": 23480000,
      "tradeShipsAtSea": 275,
      "trainGold": 1220000,
      "trainStops": 40,
      "trainsRunning": 28,
    },
    {
      "cities": 103,
      "factories": 10,
      "minute": 11,
      "ports": 43,
      "shipsArrived": 124,
      "tradeGold": 32950000,
      "tradeShipsAtSea": 290,
      "trainGold": 2420000,
      "trainStops": 68,
      "trainsRunning": 35,
    },
    {
      "cities": 103,
      "factories": 11,
      "minute": 12,
      "ports": 46,
      "shipsArrived": 150,
      "tradeGold": 36320000,
      "tradeShipsAtSea": 304,
      "trainGold": 2470000,
      "trainStops": 61,
      "trainsRunning": 35,
    },
    {
      "cities": 107,
      "factories": 13,
      "minute": 13,
      "ports": 47,
      "shipsArrived": 164,
      "tradeGold": 41690000,
      "tradeShipsAtSea": 300,
      "trainGold": 3740000,
      "trainStops": 102,
      "trainsRunning": 28,
    },
    {
      "cities": 107,
      "factories": 17,
      "minute": 14,
      "ports": 49,
      "shipsArrived": 140,
      "tradeGold": 39630000,
      "tradeShipsAtSea": 294,
      "trainGold": 4280000,
      "trainStops": 116,
      "trainsRunning": 70,
    },
    {
      "cities": 109,
      "factories": 19,
      "minute": 15,
      "ports": 49,
      "shipsArrived": 151,
      "tradeGold": 40060000,
      "tradeShipsAtSea": 296,
      "trainGold": 6370000,
      "trainStops": 160,
      "trainsRunning": 56,
    },
    {
      "cities": 113,
      "factories": 19,
      "minute": 16,
      "ports": 51,
      "shipsArrived": 134,
      "tradeGold": 35310000,
      "tradeShipsAtSea": 311,
      "trainGold": 8140000,
      "trainStops": 200,
      "trainsRunning": 84,
    },
    {
      "cities": 111,
      "factories": 21,
      "minute": 17,
      "ports": 52,
      "shipsArrived": 153,
      "tradeGold": 38420000,
      "tradeShipsAtSea": 320,
      "trainGold": 8750000,
      "trainStops": 218,
      "trainsRunning": 98,
    },
    {
      "cities": 115,
      "factories": 22,
      "minute": 18,
      "ports": 55,
      "shipsArrived": 148,
      "tradeGold": 38140000,
      "tradeShipsAtSea": 324,
      "trainGold": 9650000,
      "trainStops": 225,
      "trainsRunning": 119,
    },
    {
      "cities": 113,
      "factories": 24,
      "minute": 19,
      "ports": 55,
      "shipsArrived": 160,
      "tradeGold": 42070000,
      "tradeShipsAtSea": 347,
      "trainGold": 9050000,
      "trainStops": 227,
      "trainsRunning": 77,
    },
    {
      "cities": 112,
      "factories": 23,
      "minute": 20,
      "ports": 55,
      "shipsArrived": 185,
      "tradeGold": 45090000,
      "tradeShipsAtSea": 344,
      "trainGold": 8870000,
      "trainStops": 226,
      "trainsRunning": 98,
    },
  ],
  "totals": {
    "shipsArrived": 1836,
    "tradeGold": 462200000,
    "trainGold": 65700000,
    "trainStops": 1667,
  },
}
`;
